
  .   ____          _            __ _ _
 /\\ / ___'_ __ _ _(_)_ __  __ _ \ \ \ \
( ( )\___ | '_ | '_| | '_ \/ _` | \ \ \ \
 \\/  ___)| |_)| | | | | || (_| |  ) ) ) )
  '  |____| .__|_| |_|_| |_\__, | / / / /
 =========|_|==============|___/=/_/_/_/
 :: Spring Boot ::                (v2.7.5)

2025-11-07 10:42:28.662  INFO 73997 --- [           main] c.e.carrental.CarRentalApplication       : Starting CarRentalApplication v0.0.1-SNAPSHOT using Java 21.0.8 on Sparshs-Mac.local with PID 73997 (/Users/sparsh/Documents/Coding/Car Rental/Car Rental User/backend/target/car-rental-0.0.1-SNAPSHOT.jar started by sparsh in /Users/sparsh/Documents/Coding/Car Rental/Car Rental User/backend)
2025-11-07 10:42:28.663  INFO 73997 --- [           main] c.e.carrental.CarRentalApplication       : No active profile set, falling back to 1 default profile: "default"
2025-11-07 10:42:28.871  INFO 73997 --- [           main] .s.d.r.c.RepositoryConfigurationDelegate : Bootstrapping Spring Data JPA repositories in DEFAULT mode.
2025-11-07 10:42:28.891  INFO 73997 --- [           main] .s.d.r.c.RepositoryConfigurationDelegate : Finished Spring Data repository scanning in 17 ms. Found 4 JPA repository interfaces.
2025-11-07 10:42:29.111  INFO 73997 --- [           main] o.s.b.w.embedded.tomcat.TomcatWebServer  : Tomcat initialized with port(s): 8080 (http)
2025-11-07 10:42:29.115  INFO 73997 --- [           main] o.apache.catalina.core.StandardService   : Starting service [Tomcat]
2025-11-07 10:42:29.115  INFO 73997 --- [           main] org.apache.catalina.core.StandardEngine  : Starting Servlet engine: [Apache Tomcat/9.0.68]
2025-11-07 10:42:29.140  INFO 73997 --- [           main] o.a.c.c.C.[Tomcat].[localhost].[/]       : Initializing Spring embedded WebApplicationContext
2025-11-07 10:42:29.140  INFO 73997 --- [           main] w.s.c.ServletWebServerApplicationContext : Root WebApplicationContext: initialization completed in 460 ms
2025-11-07 10:42:29.153  INFO 73997 --- [           main] com.zaxxer.hikari.HikariDataSource       : HikariPool-1 - Starting...
2025-11-07 10:42:29.232  INFO 73997 --- [           main] com.zaxxer.hikari.HikariDataSource       : HikariPool-1 - Start completed.
2025-11-07 10:42:29.236  INFO 73997 --- [           main] o.s.b.a.h2.H2ConsoleAutoConfiguration    : H2 console available at '/h2-console'. Database available at 'jdbc:h2:mem:testdb'
2025-11-07 10:42:29.294  INFO 73997 --- [           main] o.hibernate.jpa.internal.util.LogHelper  : HHH000204: Processing PersistenceUnitInfo [name: default]
2025-11-07 10:42:29.311  INFO 73997 --- [           main] org.hibernate.Version                    : HHH000412: Hibernate ORM core version 5.6.12.Final
2025-11-07 10:42:29.367  INFO 73997 --- [           main] o.hibernate.annotations.common.Version   : HCANN000001: Hibernate Commons Annotations {5.1.2.Final}
2025-11-07 10:42:29.400  INFO 73997 --- [           main] org.hibernate.dialect.Dialect            : HHH000400: Using dialect: org.hibernate.dialect.H2Dialect
2025-11-07 10:42:29.606  INFO 73997 --- [           main] o.h.e.t.j.p.i.JtaPlatformInitiator       : HHH000490: Using JtaPlatform implementation: [org.hibernate.engine.transaction.jta.platform.internal.NoJtaPlatform]
2025-11-07 10:42:29.608  INFO 73997 --- [           main] j.LocalContainerEntityManagerFactoryBean : Initialized JPA EntityManagerFactory for persistence unit 'default'
2025-11-07 10:42:29.775  WARN 73997 --- [           main] JpaBaseConfiguration$JpaWebConfiguration : spring.jpa.open-in-view is enabled by default. Therefore, database queries may be performed during view rendering. Explicitly configure spring.jpa.open-in-view to disable this warning
2025-11-07 10:42:29.927  INFO 73997 --- [           main] o.s.b.w.embedded.tomcat.TomcatWebServer  : Tomcat started on port(s): 8080 (http) with context path ''
2025-11-07 10:42:29.930  INFO 73997 --- [           main] c.e.carrental.CarRentalApplication       : Started CarRentalApplication in 1.418 seconds (JVM running for 1.596)
2025-11-07 10:42:49.281  INFO 73997 --- [nio-8080-exec-2] o.a.c.c.C.[Tomcat].[localhost].[/]       : Initializing Spring DispatcherServlet 'dispatcherServlet'
2025-11-07 10:42:49.282  INFO 73997 --- [nio-8080-exec-2] o.s.web.servlet.DispatcherServlet        : Initializing Servlet 'dispatcherServlet'
2025-11-07 10:42:49.282  INFO 73997 --- [nio-8080-exec-2] o.s.web.servlet.DispatcherServlet        : Completed initialization in 0 ms
[DEBUG] updateCar called for id=1 with payload: com.example.carrental.entity.Car@5ffce4c2
[DEBUG] saved car: com.example.carrental.entity.Car@10d491cc
2025-11-07 10:45:42.511  INFO 73997 --- [ionShutdownHook] j.LocalContainerEntityManagerFactoryBean : Closing JPA EntityManagerFactory for persistence unit 'default'
2025-11-07 10:45:42.511  INFO 73997 --- [ionShutdownHook] com.zaxxer.hikari.HikariDataSource       : HikariPool-1 - Shutdown initiated...
2025-11-07 10:45:42.512  INFO 73997 --- [ionShutdownHook] com.zaxxer.hikari.HikariDataSource       : HikariPool-1 - Shutdown completed.
